// Jest Snapshot v1, https://goo.gl/fbAQLP

exports[`NoResults Component should render without crashing 1`] = `
<div>
  <div
    class="flex items-center justify-center h-full"
  >
    <div
      class="text-center"
    >
      <h2
        class="text-2xl font-semibold text-gray-700"
      >
        No Results Found
      </h2>
      <p
        class="text-gray-500"
      >
        Try adjusting your search or filter to find what you're looking for.
      </p>
    </div>
  </div>
</div>
`;
