// Jest Snapshot v1, https://goo.gl/fbAQLP

exports[`LoadMore Component should render without crashing 1`] = `
<div>
  <div>
    <div
      class="flex justify-center items-center"
    />
  </div>
</div>
`;
